// Jest Snapshot v1, https://goo.gl/fbAQLP

exports[`<Accordion/> renders correctly 1`] = `
.c0 {
  list-style: none;
  margin: 0;
  margin-left: 10px;
  padding-left: 10px;
}

.c1 {
  border-bottom: 5px solid #ffffff;
  padding: 10px;
  background-color: #4881f0;
  margin-left: 5px;
}

.c1:not(:first-of-type) {
  border-top: 0;
}

.c2 {
  color: white;
  width: 100%;
  margin: 100;
}

.c3 {
  content: "";
  -webkit-flex-shrink: 0;
  -ms-flex-negative: 0;
  flex-shrink: 0;
  width: 20px;
  height: 18px;
  margin-left: 95%;
  background-image: url("data:image/svg+xml,%3csvg xmlns='http://www.w3.org/2000/svg' viewBox='0 0 16 16' fill='%23212529'%3e%3cpath fill-rule='evenodd' d='M1.646 4.646a.5.5 0 0 1 .708 0L8 10.293l5.646-5.647a.5.5 0 0 1 .708.708l-6 6a.5.5 0 0 1-.708 0l-6-6a.5.5 0 0 1 0-.708z'/%3e%3c/svg%3e");
  background-repeat: no-repeat;
  background-size: 100%;
  -webkit-transition: -webkit-transform 0.2s ease-in-out;
  -webkit-transition: transform 0.2s ease-in-out;
  transition: transform 0.2s ease-in-out;
}

.c3:after {
  content: "";
  -webkit-flex-shrink: 0;
  -ms-flex-negative: 0;
  flex-shrink: 0;
  width: 18px;
  height: 18px;
  margin-left: auto;
  background-image: url("data:image/svg+xml,%3csvg xmlns='http://www.w3.org/2000/svg' viewBox='0 0 16 16' fill='%23212529'%3e%3cpath fill-rule='evenodd' d='M1.646 4.646a.5.5 0 0 1 .708 0L8 10.293l5.646-5.647a.5.5 0 0 1 .708.708l-6 6a.5.5 0 0 1-.708 0l-6-6a.5.5 0 0 1 0-.708z'/%3e%3c/svg%3e");
  background-repeat: no-repeat;
  background-size: 100%;
  -webkit-transition: -webkit-transform 0.2s ease-in-out;
  -webkit-transition: transform 0.2s ease-in-out;
  transition: transform 0.2s ease-in-out;
}

.c4 {
  -webkit-transition: height 0.2s ease-in-out;
  transition: height 0.2s ease-in-out;
  overflow: hidden;
}

.c5 {
  border-top: 1px solid #ffffff;
  padding: 15px 20px;
}

<ul
  className="c0"
>
  <li
    className="c1"
  >
    <h2
      className="c2"
    >
      How to Create a Campaign
    </h2>
    <button
      className="c3"
      onClick={[Function]}
    />
    <div
      className="c4"
      style={
        Object {
          "height": 0,
        }
      }
    >
      <div
        className="c5"
      >
        <div>
          Click 
          <b>
            Create New
          </b>
           on the menu under the Campaigns
          <div>
            <ul>
              <br />
              <li>
                Set your campaign title
              </li>
              <li>
                Set a message you would like to send
              </li>
              <li>
                Set the coupons you'd like to send
              </li>
              <li>
                Set the customer list.d
              </li>
              <br />
            </ul>
          </div>
          Click the blue 
          <b>
            Create Campaign
          </b>
           button to continue.
        </div>
      </div>
    </div>
  </li>
</ul>
`;
