// Jest Snapshot v1, https://goo.gl/fbAQLP

exports[`BillingCycleColumn renders correctly 1`] = `
<div
  className=""
>
  <div
    className=""
  >
    <div
      className=""
    >
      <div
        className=""
      >
        <text
          className=""
        >
          Amount Spent
        </text>
        <text
          className=""
          onClick={[Function]}
          onMouseEnter={[Function]}
        >
          View billing cycle
        </text>
      </div>
      <text
        className=""
      >
        $1,180.00
      </text>
      <text
        className=""
      >
        Billing cycle: 10/07/21 - 10/31/21
      </text>
    </div>
  </div>
  <div
    className=""
  />
  <div
    className=""
  >
    <div
      className=""
    >
      <div
        className=""
      >
        <text
          className=""
        >
          Estimated Sales
        </text>
      </div>
      <text
        className=""
      >
        $175.00
      </text>
      <text
        className=""
      >
        *Estimation only*
      </text>
    </div>
  </div>
</div>
`;
